
Running 1 test using 1 worker

[1A[2K[1/1] [chromium] ΓÇ║ e2e\analyst_workflow.spec.ts:4:5 ΓÇ║ Analyst Workflow ΓÇ║ should allow a user to login, scan, and remediate
[1A[2K[chromium] ΓÇ║ e2e\analyst_workflow.spec.ts:4:5 ΓÇ║ Analyst Workflow ΓÇ║ should allow a user to login, scan, and remediate
Navigating to login...

[1A[2KFilling credentials...

[1A[2KWaiting for redirect...

[1A[2K  1) [chromium] ΓÇ║ e2e\analyst_workflow.spec.ts:4:5 ΓÇ║ Analyst Workflow ΓÇ║ should allow a user to login, scan, and remediate 

    Error: [2mexpect([22m[31mpage[39m[2m).[22mtoHaveURL[2m([22m[32mexpected[39m[2m)[22m failed

    Expected: [32m"http://localhost:5173/"[39m
    Received: [31m"http://localhost:5173/[7mlogin[27m"[39m
    Timeout:  5000ms

    Call log:
    [2m  - Expect "toHaveURL" with timeout 5000ms[22m
    [2m    9 ├ù unexpected value "http://localhost:5173/login"[22m


      13 |         // Expect to be redirected to dashboard (root)
      14 |         console.log('Waiting for redirect...');
    > 15 |         await expect(page).toHaveURL('/');
         |                            ^
      16 |         // Check for "Security Score" card title which is present on Dashboard
      17 |         await expect(page.locator('text=Security Score')).toBeVisible();
      18 |         console.log('Dashboard loaded.');
        at D:\CyberHash\frontend\e2e\analyst_workflow.spec.ts:15:28

    Error Context: test-results\analyst_workflow-Analyst-W-94b36-to-login-scan-and-remediate-chromium\error-context.md


[1A[2K  1 failed
    [chromium] ΓÇ║ e2e\analyst_workflow.spec.ts:4:5 ΓÇ║ Analyst Workflow ΓÇ║ should allow a user to login, scan, and remediate 

[36m  Serving HTML report at http://localhost:9323. Press Ctrl+C to quit.[39m
